qemu-img create -f qcow2 -b /dev/mapper/vgzznx0-centosfull /root/sftsan/xml/snapshot.img
